// Jest Snapshot v1, https://goo.gl/fbAQLP

exports[`NError create an Error with extended fields correctly 1`] = `
Object {
  "foo": "bar",
  "message": "some message",
}
`;

exports[`nError create the correct error by its method named after error type in camelCase 1`] = `[Error: some error message]`;
